============================================================
ML COMPATIBILITY TEST
============================================================

Model Version: V2_XGBOOST
Load Status: SUCCESS
Model Loaded: True
Preprocessor Loaded: True

Prediction Test: ✅ SUCCESS
  Preprocessed shape: (1, 29)
  Probability array: 8 classes
  Sum of probabilities: 1.0000

============================================================
TEST COMPLETE
============================================================
